[
  "zitadel_action",
  "zitadel_action_execution_event",
  "zitadel_action_execution_function",
  "zitadel_action_execution_request",
  "zitadel_action_execution_response",
  "zitadel_action_target",
  "zitadel_action_target_public_key",
  "zitadel_active_webkey",
  "zitadel_application_api",
  "zitadel_application_key",
  "zitadel_application_oidc",
  "zitadel_application_saml",
  "zitadel_default_domain_claimed_message_text",
  "zitadel_default_domain_policy",
  "zitadel_default_init_message_text",
  "zitadel_default_invite_user_message_text",
  "zitadel_default_label_policy",
  "zitadel_default_lockout_policy",
  "zitadel_default_login_policy",
  "zitadel_default_login_texts",
  "zitadel_default_notification_policy",
  "zitadel_default_oidc_settings",
  "zitadel_default_password_age_policy",
  "zitadel_default_password_change_message_text",
  "zitadel_default_password_complexity_policy",
  "zitadel_default_password_reset_message_text",
  "zitadel_default_passwordless_registration_message_text",
  "zitadel_default_privacy_policy",
  "zitadel_default_security_settings",
  "zitadel_default_verify_email_message_text",
  "zitadel_default_verify_email_otp_message_text",
  "zitadel_default_verify_phone_message_text",
  "zitadel_default_verify_sms_otp_message_text",
  "zitadel_domain",
  "zitadel_domain_claimed_message_text",
  "zitadel_domain_policy",
  "zitadel_email_provider_http",
  "zitadel_email_provider_smtp",
  "zitadel_human_user",
  "zitadel_idp_apple",
  "zitadel_idp_azure_ad",
  "zitadel_idp_github",
  "zitadel_idp_github_es",
  "zitadel_idp_gitlab",
  "zitadel_idp_gitlab_self_hosted",
  "zitadel_idp_google",
  "zitadel_idp_ldap",
  "zitadel_idp_oauth",
  "zitadel_idp_oidc",
  "zitadel_idp_saml",
  "zitadel_init_message_text",
  "zitadel_instance_custom_domain",
  "zitadel_instance_features",
  "zitadel_instance_member",
  "zitadel_instance_restrictions",
  "zitadel_instance_secret_generator",
  "zitadel_instance_trusted_domain",
  "zitadel_label_policy",
  "zitadel_lockout_policy",
  "zitadel_login_policy",
  "zitadel_login_texts",
  "zitadel_machine_key",
  "zitadel_machine_user",
  "zitadel_notification_policy",
  "zitadel_org",
  "zitadel_org_idp_apple",
  "zitadel_org_idp_azure_ad",
  "zitadel_org_idp_github",
  "zitadel_org_idp_github_es",
  "zitadel_org_idp_gitlab",
  "zitadel_org_idp_gitlab_self_hosted",
  "zitadel_org_idp_google",
  "zitadel_org_idp_jwt",
  "zitadel_org_idp_ldap",
  "zitadel_org_idp_oauth",
  "zitadel_org_idp_oidc",
  "zitadel_org_idp_saml",
  "zitadel_org_member",
  "zitadel_org_metadata",
  "zitadel_organization",
  "zitadel_organization_domain",
  "zitadel_organization_metadata",
  "zitadel_password_age_policy",
  "zitadel_password_change_message_text",
  "zitadel_password_complexity_policy",
  "zitadel_password_reset_message_text",
  "zitadel_passwordless_registration_message_text",
  "zitadel_personal_access_token",
  "zitadel_privacy_policy",
  "zitadel_project",
  "zitadel_project_grant",
  "zitadel_project_grant_member",
  "zitadel_project_member",
  "zitadel_project_role",
  "zitadel_sms_provider_http",
  "zitadel_sms_provider_twilio",
  "zitadel_smtp_config",
  "zitadel_system_features",
  "zitadel_trigger_actions",
  "zitadel_user_grant",
  "zitadel_user_metadata",
  "zitadel_verify_email_message_text",
  "zitadel_verify_email_otp_message_text",
  "zitadel_verify_phone_message_text",
  "zitadel_verify_sms_otp_message_text",
  "zitadel_webkey"
]
